<?xml version="1.0" encoding="UTF-8"?>
<testsuites name="jest tests" tests="4" failures="0" errors="0" time="0.615">
  <testsuite name="undefined" errors="0" failures="0" skipped="0" timestamp="2023-04-21T10:44:22" time="0.413" tests="4">
    <testcase classname=" renders without crashing" name=" renders without crashing" time="0.105">
    </testcase>
    <testcase classname=" renders heading" name=" renders heading" time="0.013">
    </testcase>
    <testcase classname=" renders sub heading" name=" renders sub heading" time="0.002">
    </testcase>
    <testcase classname=" renders learn react link" name=" renders learn react link" time="0.001">
    </testcase>
  </testsuite>
</testsuites>